<!DOCTYPE html>
<html lang="en">
    <head>
        <meta charset="utf-8">
        <meta name="viewport" content="width=device-width, initial-scale=1.0">
        <title>Tongs Execution</title>
        <link href="http://fonts.googleapis.com/css?family=Roboto:regular,medium,thin,italic,mediumitalic,bold" rel="stylesheet">
        <link href="static/bootstrap.min.css" rel="stylesheet">
        <link href="static/bootstrap-responsive.min.css" rel="stylesheet">
        <link href="static/spoon.css" rel="stylesheet">
        <link href="static/tongs.css" rel="stylesheet">
        <script src="static/jquery.min.js"></script>
        <script src="static/bootstrap.min.js"></script>
    </head>
    <body>
        <div class="container">
            <div class="hero-unit fail">
                <h1>Tongs Report</h1>
                <p><a href="index.html" target="_top"></a></p>
            </div>
            <div class="row">
                <div class="span12">
                    <table class="birds-eye">
                        <tbody>
                            
                            <tr class="device">
                                <th colspan="57">
                                	<a href="pools/emulators.html">Emulators</a>
                                </th>
                            </tr>
                            <tr class="result">
                                
                                <td class="test pass">
                                    <a href="pools/emulators/com_github_tarcv_test_happy_FilteredTest_api22Only_1_-326f0c4f5f6b64bb.html" id="testMethod" data-original-title="FilteredTest" data-content="Api 22 Only[1] (Android_SDK_built_for_x86) [emulator-5556]">&nbsp;</a>
                                </td>
                                
                                <td class="test pass">
                                    <a href="pools/emulators/com_github_tarcv_test_happy_NoPermissionsForOverridesTest_testNoPermissionForAbstractOverrides-ef0c250de5c8b4c6.html" id="testMethod" data-original-title="NoPermissionsForOverridesTest" data-content="No Permission For Abstract Overrides (Android_SDK_built_for_x86) [emulator-5554]">&nbsp;</a>
                                </td>
                                
                                <td class="test pass">
                                    <a href="pools/emulators/com_github_tarcv_test_happy_ParameterizedTest_test_6_-33564939ca1ebbbe.html" id="testMethod" data-original-title="ParameterizedTest" data-content="[6] (Android_SDK_built_for_x86) [emulator-5556]">&nbsp;</a>
                                </td>
                                
                                <td class="test pass">
                                    <a href="pools/emulators/com_github_tarcv_test_happy_FilteredTest_filteredByF2Filter_3_-abcdd873d2c8d394.html" id="testMethod" data-original-title="FilteredTest" data-content="Filtered By F 2 Filter[3] (Android_SDK_built_for_x86) [emulator-5554]">&nbsp;</a>
                                </td>
                                
                                <td class="test pass">
                                    <a href="pools/emulators/com_github_tarcv_test_happy_ParameterizedNamedTest_test_param___4_-fe1ed7c80dff598c.html" id="testMethod" data-original-title="ParameterizedNamedTest" data-content="[param &#x3D; 4] (Android_SDK_built_for_x86) [emulator-5556]">&nbsp;</a>
                                </td>
                                
                                <td class="test pass">
                                    <a href="pools/emulators/com_github_tarcv_test_happy_PropertiesTest_normalPropertiesTest-d03bb09405c0acdc.html" id="testMethod" data-original-title="PropertiesTest" data-content="Normal Properties Test (Android_SDK_built_for_x86) [emulator-5554]">&nbsp;</a>
                                </td>
                                
                                <td class="test pass">
                                    <a href="pools/emulators/com_github_tarcv_test_happy_FilteredTest_api22Only_0_-a9775519665d2374.html" id="testMethod" data-original-title="FilteredTest" data-content="Api 22 Only[0] (Android_SDK_built_for_x86) [emulator-5556]">&nbsp;</a>
                                </td>
                                
                                <td class="test pass">
                                    <a href="pools/emulators/com_github_tarcv_test_happy_ParameterizedTest_test_7_-b71e962c36411009.html" id="testMethod" data-original-title="ParameterizedTest" data-content="[7] (Android_SDK_built_for_x86) [emulator-5554]">&nbsp;</a>
                                </td>
                                
                                <td class="test pass">
                                    <a href="pools/emulators/com_github_tarcv_test_happy_DangerousNamesTest_test_param_____function_____while_____for_____do_____done_____exit_-7857eef5d9293581.html" id="testMethod" data-original-title="DangerousNamesTest" data-content="[param &#x3D; ; Function {}; While {}; For {}; Do {}; Done {}; Exit] (Android_SDK_built_for_x86) [emulator-5556]">&nbsp;</a>
                                </td>
                                
                                <td class="test pass">
                                    <a href="pools/emulators/com_github_tarcv_test_happy_ParameterizedNamedTest_test_param___6_-9ef40275390842e0.html" id="testMethod" data-original-title="ParameterizedNamedTest" data-content="[param &#x3D; 6] (Android_SDK_built_for_x86) [emulator-5554]">&nbsp;</a>
                                </td>
                                
                                <td class="test pass">
                                    <a href="pools/emulators/com_github_tarcv_test_happy_DangerousNamesTest_test_param__________1________-9657367d6967adec.html" id="testMethod" data-original-title="DangerousNamesTest" data-content="[param &#x3D;        1       ] (Android_SDK_built_for_x86) [emulator-5556]">&nbsp;</a>
                                </td>
                                
                                <td class="test pass">
                                    <a href="pools/emulators/com_github_tarcv_test_happy_ParameterizedNamedTest_test_param___5_-1d4ae1b9efc5e0bc.html" id="testMethod" data-original-title="ParameterizedNamedTest" data-content="[param &#x3D; 5] (Android_SDK_built_for_x86) [emulator-5554]">&nbsp;</a>
                                </td>
                                
                                <td class="test pass">
                                    <a href="pools/emulators/com_github_tarcv_test_happy_FilteredTest_filteredByF2Filter_2_-5199b023f96763a8.html" id="testMethod" data-original-title="FilteredTest" data-content="Filtered By F 2 Filter[2] (Android_SDK_built_for_x86) [emulator-5556]">&nbsp;</a>
                                </td>
                                
                                <td class="test pass">
                                    <a href="pools/emulators/com_github_tarcv_test_happy_NoPermissionsForOverridesTest_testNoPermissionForNormalOverrides-7b4c46d2459fc19f.html" id="testMethod" data-original-title="NoPermissionsForOverridesTest" data-content="No Permission For Normal Overrides (Android_SDK_built_for_x86) [emulator-5554]">&nbsp;</a>
                                </td>
                                
                                <td class="test pass">
                                    <a href="pools/emulators/com_github_tarcv_test_happy_FilteredTest_api22Only_3_-8e611f9c5b9e34b9.html" id="testMethod" data-original-title="FilteredTest" data-content="Api 22 Only[3] (Android_SDK_built_for_x86) [emulator-5556]">&nbsp;</a>
                                </td>
                                
                                <td class="test pass">
                                    <a href="pools/emulators/com_github_tarcv_test_happy_FilteredTest_filteredByF2Filter_1_-ce1d1c407a655cb4.html" id="testMethod" data-original-title="FilteredTest" data-content="Filtered By F 2 Filter[1] (Android_SDK_built_for_x86) [emulator-5554]">&nbsp;</a>
                                </td>
                                
                                <td class="test pass">
                                    <a href="pools/emulators/com_github_tarcv_test_happy_ParameterizedNamedTest_test_param___2_-be7fdfe3af5afc44.html" id="testMethod" data-original-title="ParameterizedNamedTest" data-content="[param &#x3D; 2] (Android_SDK_built_for_x86) [emulator-5556]">&nbsp;</a>
                                </td>
                                
                                <td class="test pass">
                                    <a href="pools/emulators/com_github_tarcv_test_happy_GrantPermissionsForClassTest_testPermissionGranted1-9f2ed1f78a28b1a1.html" id="testMethod" data-original-title="GrantPermissionsForClassTest" data-content="Permission Granted 1 (Android_SDK_built_for_x86) [emulator-5554]">&nbsp;</a>
                                </td>
                                
                                <td class="test pass">
                                    <a href="pools/emulators/com_github_tarcv_test_happy_GrantPermissionsForClassTest_testPermissionGranted2-ff9db76e320fb798.html" id="testMethod" data-original-title="GrantPermissionsForClassTest" data-content="Permission Granted 2 (Android_SDK_built_for_x86) [emulator-5556]">&nbsp;</a>
                                </td>
                                
                                <td class="test pass">
                                    <a href="pools/emulators/com_github_tarcv_test_happy_ParameterizedTest_test_0_-5818d4ebd1a8a383.html" id="testMethod" data-original-title="ParameterizedTest" data-content="[0] (Android_SDK_built_for_x86) [emulator-5554]">&nbsp;</a>
                                </td>
                                
                                <td class="test pass">
                                    <a href="pools/emulators/com_github_tarcv_test_happy_FilteredTest_api22Only_2_-a5dc6e85325b53f6.html" id="testMethod" data-original-title="FilteredTest" data-content="Api 22 Only[2] (Android_SDK_built_for_x86) [emulator-5556]">&nbsp;</a>
                                </td>
                                
                                <td class="test pass">
                                    <a href="pools/emulators/com_github_tarcv_test_happy_ParameterizedNamedTest_test_param___3_-a2b8fc363296db0a.html" id="testMethod" data-original-title="ParameterizedNamedTest" data-content="[param &#x3D; 3] (Android_SDK_built_for_x86) [emulator-5554]">&nbsp;</a>
                                </td>
                                
                                <td class="test pass">
                                    <a href="pools/emulators/com_github_tarcv_test_happy_NormalTest_test-8d8e4e6b349db390.html" id="testMethod" data-original-title="NormalTest" data-content="Test (Android_SDK_built_for_x86) [emulator-5556]">&nbsp;</a>
                                </td>
                                
                                <td class="test pass">
                                    <a href="pools/emulators/com_github_tarcv_test_happy_DangerousNamesTest_test_param_______echo__echo_____echo__echo_____echo__echo_____echo__echo_____echo__echo_____echo__echo_____echo__echo__-931a12e947f37b52.html" id="testMethod" data-original-title="DangerousNamesTest" data-content="[param &#x3D; ()$(echo)&#x60;echo&#x60;()$(echo)&#x60;echo&#x60;()$(echo)&#x60;echo&#x60;()$(echo)&#x60;echo&#x60;()$(echo)&#x60;echo&#x60;()$(echo)&#x60;echo&#x60;()$(echo)&#x60;echo&#x60;] (Android_SDK_built_for_x86) [emulator-5554]">&nbsp;</a>
                                </td>
                                
                                <td class="test pass">
                                    <a href="pools/emulators/com_github_tarcv_test_happy_FilteredTest_filteredByF2Filter_0_-20425e7049cf7c70.html" id="testMethod" data-original-title="FilteredTest" data-content="Filtered By F 2 Filter[0] (Android_SDK_built_for_x86) [emulator-5556]">&nbsp;</a>
                                </td>
                                
                                <td class="test pass">
                                    <a href="pools/emulators/com_github_tarcv_test_happy_DangerousNamesTest_test_param____THIS_IS_NOT_A_VAR_-ecc96daa28585e48.html" id="testMethod" data-original-title="DangerousNamesTest" data-content="[param &#x3D; $this Is Not A Var] (Android_SDK_built_for_x86) [emulator-5554]">&nbsp;</a>
                                </td>
                                
                                <td class="test pass">
                                    <a href="pools/emulators/com_github_tarcv_test_happy_ParameterizedTest_test_1_-e002d02c4b91e7e5.html" id="testMethod" data-original-title="ParameterizedTest" data-content="[1] (Android_SDK_built_for_x86) [emulator-5556]">&nbsp;</a>
                                </td>
                                
                                <td class="test pass">
                                    <a href="pools/emulators/com_github_tarcv_test_happy_PropertiesTest_normalPropertyPairsTest-f1d8c2fae685fdfb.html" id="testMethod" data-original-title="PropertiesTest" data-content="Normal Property Pairs Test (Android_SDK_built_for_x86) [emulator-5554]">&nbsp;</a>
                                </td>
                                
                                <td class="test pass">
                                    <a href="pools/emulators/com_github_tarcv_test_happy_ResetPrefsTest_testPrefsAreClearedBetweenTests_1_-23afe3a019a6ef97.html" id="testMethod" data-original-title="ResetPrefsTest" data-content="Prefs Are Cleared Between Tests[1] (Android_SDK_built_for_x86) [emulator-5556]">&nbsp;</a>
                                </td>
                                
                                <td class="test pass">
                                    <a href="pools/emulators/com_github_tarcv_test_happy_DangerousNamesTest_test_param___________-19ad06eea9c7cb4d.html" id="testMethod" data-original-title="DangerousNamesTest" data-content="[param &#x3D; #######] (Android_SDK_built_for_x86) [emulator-5556]">&nbsp;</a>
                                </td>
                                
                                <td class="test pass">
                                    <a href="pools/emulators/com_github_tarcv_test_happy_ParameterizedTest_test_3_-dee9da8755f9deea.html" id="testMethod" data-original-title="ParameterizedTest" data-content="[3] (Android_SDK_built_for_x86) [emulator-5554]">&nbsp;</a>
                                </td>
                                
                                <td class="test pass">
                                    <a href="pools/emulators/com_github_tarcv_test_happy_DangerousNamesTest_test_param____________-743192b8cbe8b34c.html" id="testMethod" data-original-title="DangerousNamesTest" data-content="[param &#x3D; &quot;&quot;&quot;&quot;&quot;&quot;&quot;&quot;] (Android_SDK_built_for_x86) [emulator-5556]">&nbsp;</a>
                                </td>
                                
                                <td class="test pass">
                                    <a href="pools/emulators/com_github_tarcv_test_happy_DangerousNamesTest_test_param___________-6284450ede6b64d6.html" id="testMethod" data-original-title="DangerousNamesTest" data-content="[param &#x3D; !!!!!!!] (Android_SDK_built_for_x86) [emulator-5554]">&nbsp;</a>
                                </td>
                                
                                <td class="test pass">
                                    <a href="pools/emulators/com_github_tarcv_test_happy_ParameterizedTest_test_2_-97863c51f0a79516.html" id="testMethod" data-original-title="ParameterizedTest" data-content="[2] (Android_SDK_built_for_x86) [emulator-5556]">&nbsp;</a>
                                </td>
                                
                                <td class="test pass">
                                    <a href="pools/emulators/com_github_tarcv_test_happy_ParameterizedNamedTest_test_param___1_-55e8901604200412.html" id="testMethod" data-original-title="ParameterizedNamedTest" data-content="[param &#x3D; 1] (Android_SDK_built_for_x86) [emulator-5554]">&nbsp;</a>
                                </td>
                                
                                <td class="test pass">
                                    <a href="pools/emulators/com_github_tarcv_test_happy_GrantPermissionsForInheritedClassTest_testPermissionGranted2-e281f05ba331f15a.html" id="testMethod" data-original-title="GrantPermissionsForInheritedClassTest" data-content="Permission Granted 2 (Android_SDK_built_for_x86) [emulator-5556]">&nbsp;</a>
                                </td>
                                
                                <td class="test pass">
                                    <a href="pools/emulators/com_github_tarcv_test_happy_GrantPermissionsForInheritedClassTest_testPermissionGranted1-7efeeec69089b41c.html" id="testMethod" data-original-title="GrantPermissionsForInheritedClassTest" data-content="Permission Granted 1 (Android_SDK_built_for_x86) [emulator-5554]">&nbsp;</a>
                                </td>
                                
                                <td class="test pass">
                                    <a href="pools/emulators/com_github_tarcv_test_happy_ResetPrefsTest_testPrefsAreClearedBetweenTests_0_-f0f7cad631bbc445.html" id="testMethod" data-original-title="ResetPrefsTest" data-content="Prefs Are Cleared Between Tests[0] (Android_SDK_built_for_x86) [emulator-5556]">&nbsp;</a>
                                </td>
                                
                                <td class="test pass">
                                    <a href="pools/emulators/com_github_tarcv_test_happy_DangerousNamesTest_test_param____________________________________________________________________________________________________________________-8b549b399a6152ee.html" id="testMethod" data-original-title="DangerousNamesTest" data-content="[param &#x3D; |&amp;;&lt;&gt;()$&#x60;?[]#~&#x3D;%|&amp;;&lt;&gt;()$&#x60;?[]#~&#x3D;%|&amp;;&lt;&gt;()$&#x60;?[]#~&#x3D;%|&amp;;&lt;&gt;()$&#x60;?[]#~&#x3D;%|&amp;;&lt;&gt;()$&#x60;?[]#~&#x3D;%|&amp;;&lt;&gt;()$&#x60;?[]#~&#x3D;%|&amp;;&lt;&gt;()$&#x60;?[]#~&#x3D;%] (Android_SDK_built_for_x86) [emulator-5554]">&nbsp;</a>
                                </td>
                                
                                <td class="test pass">
                                    <a href="pools/emulators/com_github_tarcv_test_happy_ResetPrefsTest_testPrefsAreClearedBetweenTests_3_-ed91da4dd714bdbf.html" id="testMethod" data-original-title="ResetPrefsTest" data-content="Prefs Are Cleared Between Tests[3] (Android_SDK_built_for_x86) [emulator-5556]">&nbsp;</a>
                                </td>
                                
                                <td class="test assumption_failed">
                                    <a href="pools/emulators/com_github_tarcv_test_ResultTest_assumptionFailure_failAfter___false_-f8436375889b7e71.html" id="testMethod" data-original-title="ResultTest" data-content="Assumption Failure[fail After &#x3D; False] (Android_SDK_built_for_x86) [emulator-5554]">&nbsp;</a>
                                </td>
                                
                                <td class="test pass">
                                    <a href="pools/emulators/com_github_tarcv_test_happy_DangerousNamesTest_test_param___Non_ASCII__________________-ffe3eae963b0e671.html" id="testMethod" data-original-title="DangerousNamesTest" data-content="[param &#x3D; Non-ascii: ° © ± ¶ ½ » Ѱ ∆] (Android_SDK_built_for_x86) [emulator-5556]">&nbsp;</a>
                                </td>
                                
                                <td class="test pass">
                                    <a href="pools/emulators/com_github_tarcv_test_happy_ParameterizedTest_test_4_-e1a40cdf02e81f73.html" id="testMethod" data-original-title="ParameterizedTest" data-content="[4] (Android_SDK_built_for_x86) [emulator-5554]">&nbsp;</a>
                                </td>
                                
                                <td class="test pass">
                                    <a href="pools/emulators/com_github_tarcv_test_happy_DangerousNamesTest_test_param_____________________________________________________-410a7b793673e7ef.html" id="testMethod" data-original-title="DangerousNamesTest" data-content="[param &#x3D; . .. . .. . .. . .. . .. . .. . .. . .. . .. . ..] (Android_SDK_built_for_x86) [emulator-5556]">&nbsp;</a>
                                </td>
                                
                                <td class="test pass">
                                    <a href="pools/emulators/com_github_tarcv_test_happy_ParameterizedNamedTest_test_param___7_-3cb3bd2b4e7445a5.html" id="testMethod" data-original-title="ParameterizedNamedTest" data-content="[param &#x3D; 7] (Android_SDK_built_for_x86) [emulator-5554]">&nbsp;</a>
                                </td>
                                
                                <td class="test pass">
                                    <a href="pools/emulators/com_github_tarcv_test_happy_GrantPermissionsTest_testNoPermissionByDefault-ce38c133b7ceaad9.html" id="testMethod" data-original-title="GrantPermissionsTest" data-content="No Permission By Default (Android_SDK_built_for_x86) [emulator-5556]">&nbsp;</a>
                                </td>
                                
                                <td class="test pass">
                                    <a href="pools/emulators/com_github_tarcv_test_happy_GrantPermissionsTest_testPermissionGranted-497722659a6c8295.html" id="testMethod" data-original-title="GrantPermissionsTest" data-content="Permission Granted (Android_SDK_built_for_x86) [emulator-5554]">&nbsp;</a>
                                </td>
                                
                                <td class="test pass">
                                    <a href="pools/emulators/com_github_tarcv_test_happy_ResetPrefsTest_testPrefsAreClearedBetweenTests_2_-7e21247a4d179435.html" id="testMethod" data-original-title="ResetPrefsTest" data-content="Prefs Are Cleared Between Tests[2] (Android_SDK_built_for_x86) [emulator-5556]">&nbsp;</a>
                                </td>
                                
                                <td class="test pass">
                                    <a href="pools/emulators/com_github_tarcv_test_ResultTest_successful_failAfter___false_-7b2e1ad13e768e28.html" id="testMethod" data-original-title="ResultTest" data-content="Successful[fail After &#x3D; False] (Android_SDK_built_for_x86) [emulator-5554]">&nbsp;</a>
                                </td>
                                
                                <td class="test pass">
                                    <a href="pools/emulators/com_github_tarcv_test_happy_ParameterizedNamedTest_test_param___8_-abb361bf66b989f0.html" id="testMethod" data-original-title="ParameterizedNamedTest" data-content="[param &#x3D; 8] (Android_SDK_built_for_x86) [emulator-5556]">&nbsp;</a>
                                </td>
                                
                                <td class="test pass">
                                    <a href="pools/emulators/com_github_tarcv_test_happy_ParameterizedTest_test_5_-d8eb7442778ced2f.html" id="testMethod" data-original-title="ParameterizedTest" data-content="[5] (Android_SDK_built_for_x86) [emulator-5554]">&nbsp;</a>
                                </td>
                                
                                <td class="test pass">
                                    <a href="pools/emulators/com_github_tarcv_test_happy_DangerousNamesTest_test_param___________-4b8c413889d02da7.html" id="testMethod" data-original-title="DangerousNamesTest" data-content="[param &#x3D; &#x27;&#x27;&#x27;&#x27;&#x27;&#x27;&#x27;] (Android_SDK_built_for_x86) [emulator-5556]">&nbsp;</a>
                                </td>
                                
                                <td class="test fail">
                                    <a href="pools/emulators/com_github_tarcv_test_ResultTest_successful_failAfter___true_-7a930d42fa2105c4.html" id="testMethod" data-original-title="ResultTest" data-content="Successful[fail After &#x3D; True] (Android_SDK_built_for_x86) [emulator-5556]">&nbsp;</a>
                                </td>
                                
                                <td class="test pass">
                                    <a href="pools/emulators/com_github_tarcv_test_happy_DangerousNamesTest_test_param_____________________________________________________-20514846e295df4b.html" id="testMethod" data-original-title="DangerousNamesTest" data-content="[param &#x3D; * *.* * *.* * *.* * *.* * *.* * *.* * *.* * *.* *] (Android_SDK_built_for_x86) [emulator-5554]">&nbsp;</a>
                                </td>
                                
                                <td class="test fail">
                                    <a href="pools/emulators/com_github_tarcv_test_ResultTest_assumptionFailure_failAfter___true_-5d5dca5e3f6dabd7.html" id="testMethod" data-original-title="ResultTest" data-content="Assumption Failure[fail After &#x3D; True] (Android_SDK_built_for_x86) [emulator-5556]">&nbsp;</a>
                                </td>
                                
                                <td class="test fail">
                                    <a href="pools/emulators/com_github_tarcv_test_ResultTest_failureFromEspresso_failAfter___true_-a1de4eca6e1afbe3.html" id="testMethod" data-original-title="ResultTest" data-content="Failure From Espresso[fail After &#x3D; True] (Android_SDK_built_for_x86) [emulator-5554]">&nbsp;</a>
                                </td>
                                
                                <td class="test fail">
                                    <a href="pools/emulators/com_github_tarcv_test_ResultTest_failureFromEspresso_failAfter___false_-13428ddd2384a472.html" id="testMethod" data-original-title="ResultTest" data-content="Failure From Espresso[fail After &#x3D; False] (Android_SDK_built_for_x86) [emulator-5556]">&nbsp;</a>
                                </td>
                                
                            </tr>
                            
                        </tbody>
                    </table>
                </div>
            </div>
        </div>

        Ignored tests:
        <ul>
            
            <li>com.github.tarcv.test.ResultTest#assumptionFailure[failAfter &#x3D; false] on emulators</li>
            
            
        </ul>

        Failed tests:
        <ul>
            
            <li>2 times com.github.tarcv.test.ResultTest#successful[failAfter &#x3D; true] on emulators</li>
            
            <li>2 times com.github.tarcv.test.ResultTest#assumptionFailure[failAfter &#x3D; true] on emulators</li>
            
            <li>2 times com.github.tarcv.test.ResultTest#failureFromEspresso[failAfter &#x3D; true] on emulators</li>
            
            <li>2 times com.github.tarcv.test.ResultTest#failureFromEspresso[failAfter &#x3D; false] on emulators</li>
            
            
        </ul>

        Fatal crashed tests:
        <ul>
            
            
            
            <li>None.</li>
            
        </ul>

        <script type="text/javascript">
            $('.test a').popover({
                placement: 'top',
                trigger: 'hover'
            });
        </script>
    </body>
</html>