<!DOCTYPE html>
<html lang="en">
<head>
    <meta charset="utf-8">
    <meta name="viewport" content="width=device-width, initial-scale=1.0">
    <title>Tongs Execution</title>
    <link href="http://fonts.googleapis.com/css?family=Roboto:regular,medium,thin,italic,mediumitalic,bold" rel="stylesheet">
    <link href="../static/bootstrap.min.css" rel="stylesheet">
    <link href="../static/bootstrap-responsive.min.css" rel="stylesheet">
    <link href="../static/spoon.css" rel="stylesheet">
    <link href="../static/tongs.css" rel="stylesheet">
    <script src="../static/jquery.min.js"></script>
    <script src="../static/bootstrap.min.js"></script>
</head>
<body>
<div class="container">
    <div class="hero-unit fail">
        <h1>Emulators</h1>
    </div>
    <div class="birds-eye">
        <table class="table">
            
            <tr class="test pass">
                <td>emulator-5556</td>
                <td>Android_SDK_built_for_x86</td>
                <td><a href="emulators/com_github_tarcv_test_happy_FilteredTest_api22Only_1_-326f0c4f5f6b64bb.html">FilteredTest : Api 22 Only[1]</a></td>
            </tr>
            
            <tr class="test pass">
                <td>emulator-5554</td>
                <td>Android_SDK_built_for_x86</td>
                <td><a href="emulators/com_github_tarcv_test_happy_NoPermissionsForOverridesTest_testNoPermissionForAbstractOverrides-ef0c250de5c8b4c6.html">NoPermissionsForOverridesTest : No Permission For Abstract Overrides</a></td>
            </tr>
            
            <tr class="test pass">
                <td>emulator-5556</td>
                <td>Android_SDK_built_for_x86</td>
                <td><a href="emulators/com_github_tarcv_test_happy_ParameterizedTest_test_6_-33564939ca1ebbbe.html">ParameterizedTest : [6]</a></td>
            </tr>
            
            <tr class="test pass">
                <td>emulator-5554</td>
                <td>Android_SDK_built_for_x86</td>
                <td><a href="emulators/com_github_tarcv_test_happy_FilteredTest_filteredByF2Filter_3_-abcdd873d2c8d394.html">FilteredTest : Filtered By F 2 Filter[3]</a></td>
            </tr>
            
            <tr class="test pass">
                <td>emulator-5556</td>
                <td>Android_SDK_built_for_x86</td>
                <td><a href="emulators/com_github_tarcv_test_happy_ParameterizedNamedTest_test_param___4_-fe1ed7c80dff598c.html">ParameterizedNamedTest : [param &#x3D; 4]</a></td>
            </tr>
            
            <tr class="test pass">
                <td>emulator-5554</td>
                <td>Android_SDK_built_for_x86</td>
                <td><a href="emulators/com_github_tarcv_test_happy_PropertiesTest_normalPropertiesTest-d03bb09405c0acdc.html">PropertiesTest : Normal Properties Test</a></td>
            </tr>
            
            <tr class="test pass">
                <td>emulator-5556</td>
                <td>Android_SDK_built_for_x86</td>
                <td><a href="emulators/com_github_tarcv_test_happy_FilteredTest_api22Only_0_-a9775519665d2374.html">FilteredTest : Api 22 Only[0]</a></td>
            </tr>
            
            <tr class="test pass">
                <td>emulator-5554</td>
                <td>Android_SDK_built_for_x86</td>
                <td><a href="emulators/com_github_tarcv_test_happy_ParameterizedTest_test_7_-b71e962c36411009.html">ParameterizedTest : [7]</a></td>
            </tr>
            
            <tr class="test pass">
                <td>emulator-5556</td>
                <td>Android_SDK_built_for_x86</td>
                <td><a href="emulators/com_github_tarcv_test_happy_DangerousNamesTest_test_param_____function_____while_____for_____do_____done_____exit_-7857eef5d9293581.html">DangerousNamesTest : [param &#x3D; ; Function {}; While {}; For {}; Do {}; Done {}; Exit]</a></td>
            </tr>
            
            <tr class="test pass">
                <td>emulator-5554</td>
                <td>Android_SDK_built_for_x86</td>
                <td><a href="emulators/com_github_tarcv_test_happy_ParameterizedNamedTest_test_param___6_-9ef40275390842e0.html">ParameterizedNamedTest : [param &#x3D; 6]</a></td>
            </tr>
            
            <tr class="test pass">
                <td>emulator-5556</td>
                <td>Android_SDK_built_for_x86</td>
                <td><a href="emulators/com_github_tarcv_test_happy_DangerousNamesTest_test_param__________1________-9657367d6967adec.html">DangerousNamesTest : [param &#x3D;        1       ]</a></td>
            </tr>
            
            <tr class="test pass">
                <td>emulator-5554</td>
                <td>Android_SDK_built_for_x86</td>
                <td><a href="emulators/com_github_tarcv_test_happy_ParameterizedNamedTest_test_param___5_-1d4ae1b9efc5e0bc.html">ParameterizedNamedTest : [param &#x3D; 5]</a></td>
            </tr>
            
            <tr class="test pass">
                <td>emulator-5556</td>
                <td>Android_SDK_built_for_x86</td>
                <td><a href="emulators/com_github_tarcv_test_happy_FilteredTest_filteredByF2Filter_2_-5199b023f96763a8.html">FilteredTest : Filtered By F 2 Filter[2]</a></td>
            </tr>
            
            <tr class="test pass">
                <td>emulator-5554</td>
                <td>Android_SDK_built_for_x86</td>
                <td><a href="emulators/com_github_tarcv_test_happy_NoPermissionsForOverridesTest_testNoPermissionForNormalOverrides-7b4c46d2459fc19f.html">NoPermissionsForOverridesTest : No Permission For Normal Overrides</a></td>
            </tr>
            
            <tr class="test pass">
                <td>emulator-5556</td>
                <td>Android_SDK_built_for_x86</td>
                <td><a href="emulators/com_github_tarcv_test_happy_FilteredTest_api22Only_3_-8e611f9c5b9e34b9.html">FilteredTest : Api 22 Only[3]</a></td>
            </tr>
            
            <tr class="test pass">
                <td>emulator-5554</td>
                <td>Android_SDK_built_for_x86</td>
                <td><a href="emulators/com_github_tarcv_test_happy_FilteredTest_filteredByF2Filter_1_-ce1d1c407a655cb4.html">FilteredTest : Filtered By F 2 Filter[1]</a></td>
            </tr>
            
            <tr class="test pass">
                <td>emulator-5556</td>
                <td>Android_SDK_built_for_x86</td>
                <td><a href="emulators/com_github_tarcv_test_happy_ParameterizedNamedTest_test_param___2_-be7fdfe3af5afc44.html">ParameterizedNamedTest : [param &#x3D; 2]</a></td>
            </tr>
            
            <tr class="test pass">
                <td>emulator-5554</td>
                <td>Android_SDK_built_for_x86</td>
                <td><a href="emulators/com_github_tarcv_test_happy_GrantPermissionsForClassTest_testPermissionGranted1-9f2ed1f78a28b1a1.html">GrantPermissionsForClassTest : Permission Granted 1</a></td>
            </tr>
            
            <tr class="test pass">
                <td>emulator-5556</td>
                <td>Android_SDK_built_for_x86</td>
                <td><a href="emulators/com_github_tarcv_test_happy_GrantPermissionsForClassTest_testPermissionGranted2-ff9db76e320fb798.html">GrantPermissionsForClassTest : Permission Granted 2</a></td>
            </tr>
            
            <tr class="test pass">
                <td>emulator-5554</td>
                <td>Android_SDK_built_for_x86</td>
                <td><a href="emulators/com_github_tarcv_test_happy_ParameterizedTest_test_0_-5818d4ebd1a8a383.html">ParameterizedTest : [0]</a></td>
            </tr>
            
            <tr class="test pass">
                <td>emulator-5556</td>
                <td>Android_SDK_built_for_x86</td>
                <td><a href="emulators/com_github_tarcv_test_happy_FilteredTest_api22Only_2_-a5dc6e85325b53f6.html">FilteredTest : Api 22 Only[2]</a></td>
            </tr>
            
            <tr class="test pass">
                <td>emulator-5554</td>
                <td>Android_SDK_built_for_x86</td>
                <td><a href="emulators/com_github_tarcv_test_happy_ParameterizedNamedTest_test_param___3_-a2b8fc363296db0a.html">ParameterizedNamedTest : [param &#x3D; 3]</a></td>
            </tr>
            
            <tr class="test pass">
                <td>emulator-5556</td>
                <td>Android_SDK_built_for_x86</td>
                <td><a href="emulators/com_github_tarcv_test_happy_NormalTest_test-8d8e4e6b349db390.html">NormalTest : Test</a></td>
            </tr>
            
            <tr class="test pass">
                <td>emulator-5554</td>
                <td>Android_SDK_built_for_x86</td>
                <td><a href="emulators/com_github_tarcv_test_happy_DangerousNamesTest_test_param_______echo__echo_____echo__echo_____echo__echo_____echo__echo_____echo__echo_____echo__echo_____echo__echo__-931a12e947f37b52.html">DangerousNamesTest : [param &#x3D; ()$(echo)&#x60;echo&#x60;()$(echo)&#x60;echo&#x60;()$(echo)&#x60;echo&#x60;()$(echo)&#x60;echo&#x60;()$(echo)&#x60;echo&#x60;()$(echo)&#x60;echo&#x60;()$(echo)&#x60;echo&#x60;]</a></td>
            </tr>
            
            <tr class="test pass">
                <td>emulator-5556</td>
                <td>Android_SDK_built_for_x86</td>
                <td><a href="emulators/com_github_tarcv_test_happy_FilteredTest_filteredByF2Filter_0_-20425e7049cf7c70.html">FilteredTest : Filtered By F 2 Filter[0]</a></td>
            </tr>
            
            <tr class="test pass">
                <td>emulator-5554</td>
                <td>Android_SDK_built_for_x86</td>
                <td><a href="emulators/com_github_tarcv_test_happy_DangerousNamesTest_test_param____THIS_IS_NOT_A_VAR_-ecc96daa28585e48.html">DangerousNamesTest : [param &#x3D; $this Is Not A Var]</a></td>
            </tr>
            
            <tr class="test pass">
                <td>emulator-5556</td>
                <td>Android_SDK_built_for_x86</td>
                <td><a href="emulators/com_github_tarcv_test_happy_ParameterizedTest_test_1_-e002d02c4b91e7e5.html">ParameterizedTest : [1]</a></td>
            </tr>
            
            <tr class="test pass">
                <td>emulator-5554</td>
                <td>Android_SDK_built_for_x86</td>
                <td><a href="emulators/com_github_tarcv_test_happy_PropertiesTest_normalPropertyPairsTest-f1d8c2fae685fdfb.html">PropertiesTest : Normal Property Pairs Test</a></td>
            </tr>
            
            <tr class="test pass">
                <td>emulator-5556</td>
                <td>Android_SDK_built_for_x86</td>
                <td><a href="emulators/com_github_tarcv_test_happy_ResetPrefsTest_testPrefsAreClearedBetweenTests_1_-23afe3a019a6ef97.html">ResetPrefsTest : Prefs Are Cleared Between Tests[1]</a></td>
            </tr>
            
            <tr class="test pass">
                <td>emulator-5556</td>
                <td>Android_SDK_built_for_x86</td>
                <td><a href="emulators/com_github_tarcv_test_happy_DangerousNamesTest_test_param___________-19ad06eea9c7cb4d.html">DangerousNamesTest : [param &#x3D; #######]</a></td>
            </tr>
            
            <tr class="test pass">
                <td>emulator-5554</td>
                <td>Android_SDK_built_for_x86</td>
                <td><a href="emulators/com_github_tarcv_test_happy_ParameterizedTest_test_3_-dee9da8755f9deea.html">ParameterizedTest : [3]</a></td>
            </tr>
            
            <tr class="test pass">
                <td>emulator-5556</td>
                <td>Android_SDK_built_for_x86</td>
                <td><a href="emulators/com_github_tarcv_test_happy_DangerousNamesTest_test_param____________-743192b8cbe8b34c.html">DangerousNamesTest : [param &#x3D; &quot;&quot;&quot;&quot;&quot;&quot;&quot;&quot;]</a></td>
            </tr>
            
            <tr class="test pass">
                <td>emulator-5554</td>
                <td>Android_SDK_built_for_x86</td>
                <td><a href="emulators/com_github_tarcv_test_happy_DangerousNamesTest_test_param___________-6284450ede6b64d6.html">DangerousNamesTest : [param &#x3D; !!!!!!!]</a></td>
            </tr>
            
            <tr class="test pass">
                <td>emulator-5556</td>
                <td>Android_SDK_built_for_x86</td>
                <td><a href="emulators/com_github_tarcv_test_happy_ParameterizedTest_test_2_-97863c51f0a79516.html">ParameterizedTest : [2]</a></td>
            </tr>
            
            <tr class="test pass">
                <td>emulator-5554</td>
                <td>Android_SDK_built_for_x86</td>
                <td><a href="emulators/com_github_tarcv_test_happy_ParameterizedNamedTest_test_param___1_-55e8901604200412.html">ParameterizedNamedTest : [param &#x3D; 1]</a></td>
            </tr>
            
            <tr class="test pass">
                <td>emulator-5556</td>
                <td>Android_SDK_built_for_x86</td>
                <td><a href="emulators/com_github_tarcv_test_happy_GrantPermissionsForInheritedClassTest_testPermissionGranted2-e281f05ba331f15a.html">GrantPermissionsForInheritedClassTest : Permission Granted 2</a></td>
            </tr>
            
            <tr class="test pass">
                <td>emulator-5554</td>
                <td>Android_SDK_built_for_x86</td>
                <td><a href="emulators/com_github_tarcv_test_happy_GrantPermissionsForInheritedClassTest_testPermissionGranted1-7efeeec69089b41c.html">GrantPermissionsForInheritedClassTest : Permission Granted 1</a></td>
            </tr>
            
            <tr class="test pass">
                <td>emulator-5556</td>
                <td>Android_SDK_built_for_x86</td>
                <td><a href="emulators/com_github_tarcv_test_happy_ResetPrefsTest_testPrefsAreClearedBetweenTests_0_-f0f7cad631bbc445.html">ResetPrefsTest : Prefs Are Cleared Between Tests[0]</a></td>
            </tr>
            
            <tr class="test pass">
                <td>emulator-5554</td>
                <td>Android_SDK_built_for_x86</td>
                <td><a href="emulators/com_github_tarcv_test_happy_DangerousNamesTest_test_param____________________________________________________________________________________________________________________-8b549b399a6152ee.html">DangerousNamesTest : [param &#x3D; |&amp;;&lt;&gt;()$&#x60;?[]#~&#x3D;%|&amp;;&lt;&gt;()$&#x60;?[]#~&#x3D;%|&amp;;&lt;&gt;()$&#x60;?[]#~&#x3D;%|&amp;;&lt;&gt;()$&#x60;?[]#~&#x3D;%|&amp;;&lt;&gt;()$&#x60;?[]#~&#x3D;%|&amp;;&lt;&gt;()$&#x60;?[]#~&#x3D;%|&amp;;&lt;&gt;()$&#x60;?[]#~&#x3D;%]</a></td>
            </tr>
            
            <tr class="test pass">
                <td>emulator-5556</td>
                <td>Android_SDK_built_for_x86</td>
                <td><a href="emulators/com_github_tarcv_test_happy_ResetPrefsTest_testPrefsAreClearedBetweenTests_3_-ed91da4dd714bdbf.html">ResetPrefsTest : Prefs Are Cleared Between Tests[3]</a></td>
            </tr>
            
            <tr class="test assumption_failed">
                <td>emulator-5554</td>
                <td>Android_SDK_built_for_x86</td>
                <td><a href="emulators/com_github_tarcv_test_ResultTest_assumptionFailure_failAfter___false_-f8436375889b7e71.html">ResultTest : Assumption Failure[fail After &#x3D; False]</a></td>
            </tr>
            
            <tr class="test pass">
                <td>emulator-5556</td>
                <td>Android_SDK_built_for_x86</td>
                <td><a href="emulators/com_github_tarcv_test_happy_DangerousNamesTest_test_param___Non_ASCII__________________-ffe3eae963b0e671.html">DangerousNamesTest : [param &#x3D; Non-ascii: ° © ± ¶ ½ » Ѱ ∆]</a></td>
            </tr>
            
            <tr class="test pass">
                <td>emulator-5554</td>
                <td>Android_SDK_built_for_x86</td>
                <td><a href="emulators/com_github_tarcv_test_happy_ParameterizedTest_test_4_-e1a40cdf02e81f73.html">ParameterizedTest : [4]</a></td>
            </tr>
            
            <tr class="test pass">
                <td>emulator-5556</td>
                <td>Android_SDK_built_for_x86</td>
                <td><a href="emulators/com_github_tarcv_test_happy_DangerousNamesTest_test_param_____________________________________________________-410a7b793673e7ef.html">DangerousNamesTest : [param &#x3D; . .. . .. . .. . .. . .. . .. . .. . .. . .. . ..]</a></td>
            </tr>
            
            <tr class="test pass">
                <td>emulator-5554</td>
                <td>Android_SDK_built_for_x86</td>
                <td><a href="emulators/com_github_tarcv_test_happy_ParameterizedNamedTest_test_param___7_-3cb3bd2b4e7445a5.html">ParameterizedNamedTest : [param &#x3D; 7]</a></td>
            </tr>
            
            <tr class="test pass">
                <td>emulator-5556</td>
                <td>Android_SDK_built_for_x86</td>
                <td><a href="emulators/com_github_tarcv_test_happy_GrantPermissionsTest_testNoPermissionByDefault-ce38c133b7ceaad9.html">GrantPermissionsTest : No Permission By Default</a></td>
            </tr>
            
            <tr class="test pass">
                <td>emulator-5554</td>
                <td>Android_SDK_built_for_x86</td>
                <td><a href="emulators/com_github_tarcv_test_happy_GrantPermissionsTest_testPermissionGranted-497722659a6c8295.html">GrantPermissionsTest : Permission Granted</a></td>
            </tr>
            
            <tr class="test pass">
                <td>emulator-5556</td>
                <td>Android_SDK_built_for_x86</td>
                <td><a href="emulators/com_github_tarcv_test_happy_ResetPrefsTest_testPrefsAreClearedBetweenTests_2_-7e21247a4d179435.html">ResetPrefsTest : Prefs Are Cleared Between Tests[2]</a></td>
            </tr>
            
            <tr class="test pass">
                <td>emulator-5554</td>
                <td>Android_SDK_built_for_x86</td>
                <td><a href="emulators/com_github_tarcv_test_ResultTest_successful_failAfter___false_-7b2e1ad13e768e28.html">ResultTest : Successful[fail After &#x3D; False]</a></td>
            </tr>
            
            <tr class="test pass">
                <td>emulator-5556</td>
                <td>Android_SDK_built_for_x86</td>
                <td><a href="emulators/com_github_tarcv_test_happy_ParameterizedNamedTest_test_param___8_-abb361bf66b989f0.html">ParameterizedNamedTest : [param &#x3D; 8]</a></td>
            </tr>
            
            <tr class="test pass">
                <td>emulator-5554</td>
                <td>Android_SDK_built_for_x86</td>
                <td><a href="emulators/com_github_tarcv_test_happy_ParameterizedTest_test_5_-d8eb7442778ced2f.html">ParameterizedTest : [5]</a></td>
            </tr>
            
            <tr class="test pass">
                <td>emulator-5556</td>
                <td>Android_SDK_built_for_x86</td>
                <td><a href="emulators/com_github_tarcv_test_happy_DangerousNamesTest_test_param___________-4b8c413889d02da7.html">DangerousNamesTest : [param &#x3D; &#x27;&#x27;&#x27;&#x27;&#x27;&#x27;&#x27;]</a></td>
            </tr>
            
            <tr class="test fail">
                <td>emulator-5556</td>
                <td>Android_SDK_built_for_x86</td>
                <td><a href="emulators/com_github_tarcv_test_ResultTest_successful_failAfter___true_-7a930d42fa2105c4.html">ResultTest : Successful[fail After &#x3D; True]</a></td>
            </tr>
            
            <tr class="test pass">
                <td>emulator-5554</td>
                <td>Android_SDK_built_for_x86</td>
                <td><a href="emulators/com_github_tarcv_test_happy_DangerousNamesTest_test_param_____________________________________________________-20514846e295df4b.html">DangerousNamesTest : [param &#x3D; * *.* * *.* * *.* * *.* * *.* * *.* * *.* * *.* *]</a></td>
            </tr>
            
            <tr class="test fail">
                <td>emulator-5556</td>
                <td>Android_SDK_built_for_x86</td>
                <td><a href="emulators/com_github_tarcv_test_ResultTest_assumptionFailure_failAfter___true_-5d5dca5e3f6dabd7.html">ResultTest : Assumption Failure[fail After &#x3D; True]</a></td>
            </tr>
            
            <tr class="test fail">
                <td>emulator-5554</td>
                <td>Android_SDK_built_for_x86</td>
                <td><a href="emulators/com_github_tarcv_test_ResultTest_failureFromEspresso_failAfter___true_-a1de4eca6e1afbe3.html">ResultTest : Failure From Espresso[fail After &#x3D; True]</a></td>
            </tr>
            
            <tr class="test fail">
                <td>emulator-5556</td>
                <td>Android_SDK_built_for_x86</td>
                <td><a href="emulators/com_github_tarcv_test_ResultTest_failureFromEspresso_failAfter___false_-13428ddd2384a472.html">ResultTest : Failure From Espresso[fail After &#x3D; False]</a></td>
            </tr>
            
        </table>
    </div>
</div>

<script type="text/javascript">
            $('.test a').popover({
                placement: 'top',
                trigger: 'hover'
            });
        </script>
</body>
</html>